// Jest Snapshot v1, https://goo.gl/fbAQLP

exports[`<Button /> Component should match snapshot 1`] = `
<Button
  className="btn-light"
  clickHandler={[Function]}
  name="1"
/>
`;
