// Jest Snapshot v1, https://goo.gl/fbAQLP

exports[`<ButtonPanel /> Component should match snapshot 1`] = `
<ButtonPanel
  btnClickHandler={[Function]}
/>
`;
